HI-TECH Software C Compiler 

Linker command line:

--edf=C:\Program Files\HI-TECH Software\PICC\9.83\dat\en_msgs.txt -cs \
  -h+rx_tx_string.sym -z -Q16F877A -ol.obj -Mrx_tx_string.map -E1 \
  -ACONST=00h-0FFhx32 -ACODE=00h-07FFhx4 -ASTRCODE=00h-01FFFh \
  -AENTRY=00h-0FFhx32 -ASTRING=00h-0FFhx32 -ABANK0=020h-06Fh \
  -ABANK1=0A0h-0EFh -ABANK2=0110h-016Fh -ABANK3=0190h-01EFh \
  -ARAM=020h-06Fh,0A0h-0EFh,0110h-016Fh,0190h-01EFh \
  -AABS1=020h-07Fh,0A0h-0EFh,0110h-016Fh,0190h-01EFh -ACOMMON=070h-07Fh \
  -ASFR0=00h-01Fh -ASFR1=080h-09Fh -ASFR2=0100h-010Fh -ASFR3=0180h-018Fh \
  -preset_vec=00h,intentry,init,end_init -ppowerup=CODE -pfunctab=CODE \
  -ACONFIG=02007h-02007h -pconfig=CONFIG -DCONFIG=2 -AIDLOC=02000h-02003h \
  -pidloc=IDLOC -DIDLOC=2 -AEEDATA=00h-0FFh/02100h -peeprom_data=EEDATA \
  -DEEDATA=2 -DCODE=2 -DSTRCODE=2 -DSTRING=2 -DCONST=2 -DENTRY=2 -k \
  startup.obj rx_tx_string.obj 

Object code version is 3.10

Machine type is 16F877A



                Name                               Link     Load   Length Selector   Space Scale
startup.obj     end_init                              0        0        3        0       0
rx_tx_string.obj
                text124                             76C      76C        F      ED8       0
                text123                             755      755        B      EAA       0
                text122                             760      760        C      EC0       0
                text121                             77B      77B       2A      EF6       0
                text120                             7D1      7D1       2F      FA2       0
                maintext                            7A5      7A5       2C      F4A       0
                cstackBANK0                          20       20       32       20       1
                cstackCOMMON                         70       70        4       70       1
                cinit                               751      751        4      EA2       0
                strings                               3        3       3B        6       0

TOTAL           Name                               Link     Load   Length     Space
        CLASS   CONST          

        CLASS   CODE           
                end_init                              0        0        3         0
                text124                             76C      76C        F         0
                text123                             755      755        B         0
                text122                             760      760        C         0
                text121                             77B      77B       2A         0
                text120                             7D1      7D1       2F         0
                maintext                            7A5      7A5       2C         0
                cinit                               751      751        4         0

        CLASS   STRCODE        

        CLASS   ENTRY          

        CLASS   STRING         
                strings                               3        3       3B         0

        CLASS   BANK0          
                cstackBANK0                          20       20       32         1

        CLASS   BANK1          

        CLASS   BANK2          

        CLASS   BANK3          

        CLASS   RAM            

        CLASS   ABS1           
                abs_s1                               7E       7E        2         1

        CLASS   COMMON         
                cstackCOMMON                         70       70        4         1

        CLASS   SFR0           

        CLASS   SFR1           

        CLASS   SFR2           

        CLASS   SFR3           

        CLASS   CONFIG         

        CLASS   IDLOC          

        CLASS   EEDATA         



SEGMENTS        Name                           Load    Length   Top    Selector   Space  Class     Delta

                reset_vec                      000000  000003  000003         0       0  CODE        2
                strings                        000003  00003B  00003E         6       0  STRING      2
                cstackBANK0                    000020  000032  000052        20       1  BANK0       1
                cstackCOMMON                   000070  000004  000074        70       1  COMMON      1
                cinit                          000751  000004  000755       EA2       0  CODE        2
                text123                        000755  00000B  000760       EAA       0  CODE        2
                text122                        000760  00000C  00076C       EC0       0  CODE        2
                text124                        00076C  00000F  00077B       ED8       0  CODE        2
                text121                        00077B  00002A  0007A5       EF6       0  CODE        2
                maintext                       0007A5  00002C  0007D1       F4A       0  CODE        2
                text120                        0007D1  00002F  000800       FA2       0  CODE        2


UNUSED ADDRESS RANGES

        Name                Unused          Largest block    Delta
        BANK0            0052-006F             1E           1
        BANK1            00A0-00EF             50           1
        BANK2            0110-016F             60           1
        BANK3            0190-01EF             60           1
        CODE             003E-0750            713           2
                         0800-1FFF            800
        COMMON           0074-007D              A           1
        CONFIG           2007-2007              1           2
        CONST            003E-0750            100           2
                         0800-1FFF            100
        EEDATA           2100-21FF            100           2
        ENTRY            003E-0750            100           2
                         0800-1FFF            100
        IDLOC            2000-2003              4           2
        RAM              0052-006F             1E           1
                         00A0-00EF             50
                         0110-016F             60
                         0190-01EF             60
        SFR0             0000-001F             20           1
        SFR1             0080-009F             20           1
        SFR2             0100-010F             10           1
        SFR3             0180-018F             10           1
        STRCODE          003E-0750            713           2
                         0800-1FFF           1800
        STRING           003E-0750            100           2
                         0800-1FFF            100

                                  Symbol Table

??_UART_Init             cstackCOMMON 0070
??_UART_RxChar           cstackCOMMON 0070
??_UART_RxString         cstackCOMMON 0071
??_UART_TxChar           cstackCOMMON 0070
??_UART_TxString         cstackCOMMON 0073
??_main                  cstackCOMMON 0074
?_UART_Init              cstackCOMMON 0070
?_UART_RxChar            cstackCOMMON 0070
?_UART_RxString          cstackCOMMON 0070
?_UART_TxChar            cstackCOMMON 0070
?_UART_TxString          cstackCOMMON 0071
?_main                   cstackCOMMON 0070
UART_RxString@ch         cstackCOMMON 0073
UART_RxString@string_ptr cstackCOMMON 0072
UART_TxChar@ch           cstackCOMMON 0070
UART_TxString@string_ptr cstackCOMMON 0071
_CARRY                   (abs)        0018
_EEADR                   (abs)        010D
_EECON1                  (abs)        018C
_EECON2                  (abs)        018D
_EEDATA                  (abs)        010C
_GIE                     (abs)        005F
_RCIF                    (abs)        0065
_RCREG                   (abs)        001A
_RCSTA                   (abs)        0018
_RD                      (abs)        0C60
_SPBRG                   (abs)        0099
_TRISC                   (abs)        0087
_TXIF                    (abs)        0064
_TXREG                   (abs)        0019
_TXSTA                   (abs)        0098
_UART_Init               text124      076C
_UART_RxChar             text123      0755
_UART_RxString           text120      07D1
_UART_TxChar             text122      0760
_UART_TxString           text121      077B
_WR                      (abs)        0C61
_WREN                    (abs)        0C62
__Habs1                  abs1         0000
__Hbank0                 bank0        0000
__Hbank1                 bank1        0000
__Hbank2                 bank2        0000
__Hbank3                 bank3        0000
__Hcinit                 cinit        0000
__Hclrtext               clrtext      0000
__Hcode                  code         0000
__Hcommon                common       0000
__Hconfig                config       0000
__HcstackBANK0           cstackBANK0  0000
__HcstackCOMMON          cstackCOMMON 0000
__Heeprom_data           eeprom_data  0000
__Hend_init              end_init     0003
__Hfunctab               functab      0000
__Hidloc                 idloc        0000
__Hinit                  init         0000
__Hintentry              intentry     0000
__Hmaintext              maintext     0000
__Hpowerup               powerup      0000
__Hram                   ram          0000
__Hreset_vec             reset_vec    0000
__Hsfr0                  sfr0         0000
__Hsfr1                  sfr1         0000
__Hsfr2                  sfr2         0000
__Hsfr3                  sfr3         0000
__Hstrings               strings      0000
__Htext                  text         0000
__Labs1                  abs1         0000
__Lbank0                 bank0        0000
__Lbank1                 bank1        0000
__Lbank2                 bank2        0000
__Lbank3                 bank3        0000
__Lcinit                 cinit        0000
__Lclrtext               clrtext      0000
__Lcode                  code         0000
__Lcommon                common       0000
__Lconfig                config       0000
__LcstackBANK0           cstackBANK0  0000
__LcstackCOMMON          cstackCOMMON 0000
__Leeprom_data           eeprom_data  0000
__Lend_init              end_init     0000
__Lfunctab               functab      0000
__Lidloc                 idloc        0000
__Linit                  init         0000
__Lintentry              intentry     0000
__Lmaintext              maintext     0000
__Lpowerup               powerup      0000
__Lram                   ram          0000
__Lreset_vec             reset_vec    0000
__Lsfr0                  sfr0         0000
__Lsfr1                  sfr1         0000
__Lsfr2                  sfr2         0000
__Lsfr3                  sfr3         0000
__Lstrings               strings      0000
__Ltext                  text         0000
__S0                     (abs)        0800
__S1                     (abs)        0074
__S2                     (abs)        0000
__end_of_UART_Init       text124      077B
__end_of_UART_RxChar     text123      0760
__end_of_UART_RxString   text120      0800
__end_of_UART_TxChar     text122      076C
__end_of_UART_TxString   text121      07A5
__end_of_main            maintext     07D1
__pcstackBANK0           cstackBANK0  0020
__pcstackCOMMON          cstackCOMMON 0070
__pmaintext              maintext     07A5
__pstrings               strings      0003
__ptext119               text119      0000
__ptext120               text120      07D1
__ptext121               text121      077B
__ptext122               text122      0760
__ptext123               text123      0755
__ptext124               text124      076C
__ptext125               text125      0000
__size_of_UART_Init      (abs)        0000
__size_of_UART_RxChar    (abs)        0000
__size_of_UART_RxString  (abs)        0000
__size_of_UART_TxChar    (abs)        0000
__size_of_UART_TxString  (abs)        0000
__size_of_main           (abs)        0000
_exit                    init         0000
_main                    maintext     07A5
btemp                    (abs)        007E
end_of_initialization    cinit        0751
intlevel0                functab      0000
intlevel1                functab      0000
intlevel2                functab      0000
intlevel3                functab      0000
intlevel4                functab      0000
intlevel5                functab      0000
main@msg                 cstackBANK0  0020
reset_vec                reset_vec    0000
start                    init         0000
start_initialization     cinit        0751
wtemp0                   (abs)        007E
