HI-TECH Software C Compiler 

Linker command line:

--edf=C:\Program Files (x86)\HI-TECH Software\PICC\9.83\dat\en_msgs.txt -cs \
  -h+Lcd_Display.sym -z -Q16F877A -ol.obj -MLcd_Display.map -E1 \
  -ACONST=00h-0FFhx32 -ACODE=00h-07FFhx4 -ASTRCODE=00h-01FFFh \
  -AENTRY=00h-0FFhx32 -ASTRING=00h-0FFhx32 -ABANK0=020h-06Fh \
  -ABANK1=0A0h-0EFh -ABANK2=0110h-016Fh -ABANK3=0190h-01EFh \
  -ARAM=020h-06Fh,0A0h-0EFh,0110h-016Fh,0190h-01EFh \
  -AABS1=020h-07Fh,0A0h-0EFh,0110h-016Fh,0190h-01EFh -ACOMMON=070h-07Fh \
  -ASFR0=00h-01Fh -ASFR1=080h-09Fh -ASFR2=0100h-010Fh -ASFR3=0180h-018Fh \
  -preset_vec=00h,intentry,init,end_init -ppowerup=CODE -pfunctab=CODE \
  -ACONFIG=02007h-02007h -pconfig=CONFIG -DCONFIG=2 -AIDLOC=02000h-02003h \
  -pidloc=IDLOC -DIDLOC=2 -AEEDATA=00h-0FFh/02100h -peeprom_data=EEDATA \
  -DEEDATA=2 -DCODE=2 -DSTRCODE=2 -DSTRING=2 -DCONST=2 -DENTRY=2 -k \
  startup.obj Lcd_Display.obj 

Object code version is 3.10

Machine type is 16F877A



                Name                               Link     Load   Length Selector   Space Scale
startup.obj     end_init                              0        0        3        0       0
Lcd_Display.obj text140                             6C9      6C9       10      D92       0
                text139                             6D9      6D9       19      DB2       0
                text138                             776      776       45      EEC       0
                text137                             7BB      7BB       45      F76       0
                text136                             713      713       2B      E26       0
                text135                             6C2      6C2        7      D84       0
                text134                             6F2      6F2       21      DE4       0
                maintext                            73E      73E       38      E7C       0
                cstackCOMMON                         70       70        8       70       1
                cinit                               6BE      6BE        4      D7C       0
                strings                               3        3       23        6       0

TOTAL           Name                               Link     Load   Length     Space
        CLASS   CONST          

        CLASS   CODE           
                end_init                              0        0        3         0
                text140                             6C9      6C9       10         0
                text139                             6D9      6D9       19         0
                text138                             776      776       45         0
                text137                             7BB      7BB       45         0
                text136                             713      713       2B         0
                text135                             6C2      6C2        7         0
                text134                             6F2      6F2       21         0
                maintext                            73E      73E       38         0
                cinit                               6BE      6BE        4         0

        CLASS   STRCODE        

        CLASS   ENTRY          

        CLASS   STRING         
                strings                               3        3       23         0

        CLASS   BANK0          

        CLASS   BANK1          

        CLASS   BANK2          

        CLASS   BANK3          

        CLASS   RAM            

        CLASS   ABS1           
                abs_s1                               7E       7E        2         1

        CLASS   COMMON         
                cstackCOMMON                         70       70        8         1

        CLASS   SFR0           

        CLASS   SFR1           

        CLASS   SFR2           

        CLASS   SFR3           

        CLASS   CONFIG         

        CLASS   IDLOC          

        CLASS   EEDATA         



SEGMENTS        Name                           Load    Length   Top    Selector   Space  Class     Delta

                reset_vec                      000000  000003  000003         0       0  CODE        2
                strings                        000003  000023  000026         6       0  STRING      2
                cstackCOMMON                   000070  000008  000078        70       1  COMMON      1
                cinit                          0006BE  000004  0006C2       D7C       0  CODE        2
                text135                        0006C2  000007  0006C9       D84       0  CODE        2
                text140                        0006C9  000010  0006D9       D92       0  CODE        2
                text139                        0006D9  000019  0006F2       DB2       0  CODE        2
                text134                        0006F2  000021  000713       DE4       0  CODE        2
                text136                        000713  00002B  00073E       E26       0  CODE        2
                maintext                       00073E  000038  000776       E7C       0  CODE        2
                text138                        000776  000045  0007BB       EEC       0  CODE        2
                text137                        0007BB  000045  000800       F76       0  CODE        2


UNUSED ADDRESS RANGES

        Name                Unused          Largest block    Delta
        BANK0            0020-006F             50           1
        BANK1            00A0-00EF             50           1
        BANK2            0110-016F             60           1
        BANK3            0190-01EF             60           1
        CODE             0026-06BD            698           2
                         0800-1FFF            800
        COMMON           0078-007D              6           1
        CONFIG           2007-2007              1           2
        CONST            0026-06BD            100           2
                         0800-1FFF            100
        EEDATA           2100-21FF            100           2
        ENTRY            0026-06BD            100           2
                         0800-1FFF            100
        IDLOC            2000-2003              4           2
        RAM              0020-006F             50           1
                         00A0-00EF             50
                         0110-016F             60
                         0190-01EF             60
        SFR0             0000-001F             20           1
        SFR1             0080-009F             20           1
        SFR2             0100-010F             10           1
        SFR3             0180-018F             10           1
        STRCODE          0026-06BD            698           2
                         0800-1FFF           1800
        STRING           0026-06BD            100           2
                         0800-1FFF            100

                                  Symbol Table

??_LCD_CmdWrite              cstackCOMMON 0074
??_LCD_DataWrite             cstackCOMMON 0074
??_LCD_DisplayString         cstackCOMMON 0076
??_LCD_GoToLineTwo           cstackCOMMON 0076
??_LCD_Init                  cstackCOMMON 0076
??_delay_ms                  cstackCOMMON 0074
??_delay_us                  cstackCOMMON 0072
??_main                      cstackCOMMON 0078
?_LCD_CmdWrite               cstackCOMMON 0070
?_LCD_DataWrite              cstackCOMMON 0070
?_LCD_DisplayString          cstackCOMMON 0070
?_LCD_GoToLineTwo            cstackCOMMON 0070
?_LCD_Init                   cstackCOMMON 0070
?_delay_ms                   cstackCOMMON 0072
?_delay_us                   cstackCOMMON 0070
?_main                       cstackCOMMON 0070
LCD_CmdWrite@cmd             cstackCOMMON 0075
LCD_DataWrite@dat            cstackCOMMON 0075
LCD_DisplayString@string_ptr cstackCOMMON 0077
_CARRY                       (abs)        0018
_EEADR                       (abs)        010D
_EECON1                      (abs)        018C
_EECON2                      (abs)        018D
_EEDATA                      (abs)        010C
_GIE                         (abs)        005F
_LCD_CmdWrite                text138      0776
_LCD_DataWrite               text137      07BB
_LCD_DisplayString           text134      06F2
_LCD_GoToLineTwo             text135      06C2
_LCD_Init                    text136      0713
_PORTB                       (abs)        0006
_PORTC                       (abs)        0007
_RB1                         (abs)        0031
_RB2                         (abs)        0032
_RB3                         (abs)        0033
_RD                          (abs)        0C60
_TRISB                       (abs)        0086
_TRISC                       (abs)        0087
_WR                          (abs)        0C61
_WREN                        (abs)        0C62
__Habs1                      abs1         0000
__Hbank0                     bank0        0000
__Hbank1                     bank1        0000
__Hbank2                     bank2        0000
__Hbank3                     bank3        0000
__Hcinit                     cinit        0000
__Hclrtext                   clrtext      0000
__Hcode                      code         0000
__Hcommon                    common       0000
__Hconfig                    config       0000
__HcstackCOMMON              cstackCOMMON 0000
__Heeprom_data               eeprom_data  0000
__Hend_init                  end_init     0003
__Hfunctab                   functab      0000
__Hidloc                     idloc        0000
__Hinit                      init         0000
__Hintentry                  intentry     0000
__Hmaintext                  maintext     0000
__Hpowerup                   powerup      0000
__Hram                       ram          0000
__Hreset_vec                 reset_vec    0000
__Hsfr0                      sfr0         0000
__Hsfr1                      sfr1         0000
__Hsfr2                      sfr2         0000
__Hsfr3                      sfr3         0000
__Hstrings                   strings      0000
__Htext                      text         0000
__Labs1                      abs1         0000
__Lbank0                     bank0        0000
__Lbank1                     bank1        0000
__Lbank2                     bank2        0000
__Lbank3                     bank3        0000
__Lcinit                     cinit        0000
__Lclrtext                   clrtext      0000
__Lcode                      code         0000
__Lcommon                    common       0000
__Lconfig                    config       0000
__LcstackCOMMON              cstackCOMMON 0000
__Leeprom_data               eeprom_data  0000
__Lend_init                  end_init     0000
__Lfunctab                   functab      0000
__Lidloc                     idloc        0000
__Linit                      init         0000
__Lintentry                  intentry     0000
__Lmaintext                  maintext     0000
__Lpowerup                   powerup      0000
__Lram                       ram          0000
__Lreset_vec                 reset_vec    0000
__Lsfr0                      sfr0         0000
__Lsfr1                      sfr1         0000
__Lsfr2                      sfr2         0000
__Lsfr3                      sfr3         0000
__Lstrings                   strings      0000
__Ltext                      text         0000
__S0                         (abs)        0800
__S1                         (abs)        0078
__S2                         (abs)        0000
__end_of_LCD_CmdWrite        text138      07BB
__end_of_LCD_DataWrite       text137      0800
__end_of_LCD_DisplayString   text134      0713
__end_of_LCD_GoToLineTwo     text135      06C9
__end_of_LCD_Init            text136      073E
__end_of_delay_ms            text139      06F2
__end_of_delay_us            text140      06D9
__end_of_main                maintext     0776
__pcstackCOMMON              cstackCOMMON 0070
__pmaintext                  maintext     073E
__pstrings                   strings      0003
__ptext133                   text133      0000
__ptext134                   text134      06F2
__ptext135                   text135      06C2
__ptext136                   text136      0713
__ptext137                   text137      07BB
__ptext138                   text138      0776
__ptext139                   text139      06D9
__ptext140                   text140      06C9
__ptext141                   text141      0000
__size_of_LCD_CmdWrite       (abs)        0000
__size_of_LCD_DataWrite      (abs)        0000
__size_of_LCD_DisplayString  (abs)        0000
__size_of_LCD_GoToLineTwo    (abs)        0000
__size_of_LCD_Init           (abs)        0000
__size_of_delay_ms           (abs)        0000
__size_of_delay_us           (abs)        0000
__size_of_main               (abs)        0000
_delay_ms                    text139      06D9
_delay_us                    text140      06C9
_exit                        init         0000
_main                        maintext     073E
btemp                        (abs)        007E
delay_ms@ms_count            cstackCOMMON 0072
delay_us@us_count            cstackCOMMON 0070
end_of_initialization        cinit        06BE
intlevel0                    functab      0000
intlevel1                    functab      0000
intlevel2                    functab      0000
intlevel3                    functab      0000
intlevel4                    functab      0000
intlevel5                    functab      0000
reset_vec                    reset_vec    0000
start                        init         0000
start_initialization         cinit        06BE
wtemp0                       (abs)        007E
