HI-TECH Software C Compiler 

Linker command line:

--edf=C:\Program Files\HI-TECH Software\PICC\9.83\dat\en_msgs.txt -cs \
  -h+Multi_channel.sym -z -Q16F877A -ol.obj -MMulti_channel.map -E1 \
  -ACONST=00h-0FFhx32 -ACODE=00h-07FFhx4 -ASTRCODE=00h-01FFFh \
  -AENTRY=00h-0FFhx32 -ASTRING=00h-0FFhx32 -ABANK0=020h-06Fh \
  -ABANK1=0A0h-0EFh -ABANK2=0110h-016Fh -ABANK3=0190h-01EFh \
  -ARAM=020h-06Fh,0A0h-0EFh,0110h-016Fh,0190h-01EFh \
  -AABS1=020h-07Fh,0A0h-0EFh,0110h-016Fh,0190h-01EFh -ACOMMON=070h-07Fh \
  -ASFR0=00h-01Fh -ASFR1=080h-09Fh -ASFR2=0100h-010Fh -ASFR3=0180h-018Fh \
  -preset_vec=00h,intentry,init,end_init -ppowerup=CODE -pfunctab=CODE \
  -ACONFIG=02007h-02007h -pconfig=CONFIG -DCONFIG=2 -AIDLOC=02000h-02003h \
  -pidloc=IDLOC -DIDLOC=2 -AEEDATA=00h-0FFh/02100h -peeprom_data=EEDATA \
  -DEEDATA=2 -DCODE=2 -DSTRCODE=2 -DSTRING=2 -DCONST=2 -DENTRY=2 -k \
  startup.obj Multi_channel.obj 

Object code version is 3.10

Machine type is 16F877A



                Name                               Link     Load   Length Selector   Space Scale
startup.obj     end_init                              0        0        3        0       0
Multi_channel.obj
                text173                             538      538        8      A70       0
                text172                             540      540       10      A80       0
                text171                             676      676       4E      CEC       0
                text170                             632      632       44      C64       0
                text169                             5F4      5F4       3E      BE8       0
                text168                             550      550       19      AA0       0
                text167                             569      569       1E      AD2       0
                text166                             587      587       1E      B0E       0
                text165                             5A5      5A5       26      B4A       0
                text164                             5CB      5CB       29      B96       0
                text163                             752      752       AE      EA4       0
                maintext                            6C4      6C4       8E      D88       0
                cstackCOMMON                         70       70        D       70       1
                cinit                               534      534        4      A68       0

TOTAL           Name                               Link     Load   Length     Space
        CLASS   CONST          

        CLASS   CODE           
                end_init                              0        0        3         0
                text173                             538      538        8         0
                text172                             540      540       10         0
                text171                             676      676       4E         0
                text170                             632      632       44         0
                text169                             5F4      5F4       3E         0
                text168                             550      550       19         0
                text167                             569      569       1E         0
                text166                             587      587       1E         0
                text165                             5A5      5A5       26         0
                text164                             5CB      5CB       29         0
                text163                             752      752       AE         0
                maintext                            6C4      6C4       8E         0
                cinit                               534      534        4         0

        CLASS   STRCODE        

        CLASS   ENTRY          

        CLASS   STRING         

        CLASS   BANK0          

        CLASS   BANK1          

        CLASS   BANK2          

        CLASS   BANK3          

        CLASS   RAM            

        CLASS   ABS1           
                abs_s1                               7E       7E        2         1

        CLASS   COMMON         
                cstackCOMMON                         70       70        D         1

        CLASS   SFR0           

        CLASS   SFR1           

        CLASS   SFR2           

        CLASS   SFR3           

        CLASS   CONFIG         

        CLASS   IDLOC          

        CLASS   EEDATA         



SEGMENTS        Name                           Load    Length   Top    Selector   Space  Class     Delta

                reset_vec                      000000  000003  000003         0       0  CODE        2
                cstackCOMMON                   000070  00000D  00007D        70       1  COMMON      1
                cinit                          000534  000004  000538       A68       0  CODE        2
                text173                        000538  000008  000540       A70       0  CODE        2
                text172                        000540  000010  000550       A80       0  CODE        2
                text168                        000550  000019  000569       AA0       0  CODE        2
                text167                        000569  00001E  000587       AD2       0  CODE        2
                text166                        000587  00001E  0005A5       B0E       0  CODE        2
                text165                        0005A5  000026  0005CB       B4A       0  CODE        2
                text164                        0005CB  000029  0005F4       B96       0  CODE        2
                text169                        0005F4  00003E  000632       BE8       0  CODE        2
                text170                        000632  000044  000676       C64       0  CODE        2
                text171                        000676  00004E  0006C4       CEC       0  CODE        2
                maintext                       0006C4  00008E  000752       D88       0  CODE        2
                text163                        000752  0000AE  000800       EA4       0  CODE        2


UNUSED ADDRESS RANGES

        Name                Unused          Largest block    Delta
        BANK0            0020-006F             50           1
        BANK1            00A0-00EF             50           1
        BANK2            0110-016F             60           1
        BANK3            0190-01EF             60           1
        CODE             0003-0533            531           2
                         0800-1FFF            800
        COMMON           007D-007D              1           1
        CONFIG           2007-2007              1           2
        CONST            0003-0533            100           2
                         0800-1FFF            100
        EEDATA           2100-21FF            100           2
        ENTRY            0003-0533            100           2
                         0800-1FFF            100
        IDLOC            2000-2003              4           2
        RAM              0020-006F             50           1
                         00A0-00EF             50
                         0110-016F             60
                         0190-01EF             60
        SFR0             0000-001F             20           1
        SFR1             0080-009F             20           1
        SFR2             0100-010F             10           1
        SFR3             0180-018F             10           1
        STRCODE          0003-0533            531           2
                         0800-1FFF           1800
        STRING           0003-0533            100           2
                         0800-1FFF            100

                                  Symbol Table

??_ADC_Init                   cstackCOMMON 0070
??_ADC_StartConversion        cstackCOMMON 0074
??_LCD_CmdWrite               cstackCOMMON 0074
??_LCD_DataWrite              cstackCOMMON 0074
??_LCD_DisplayNumber          cstackCOMMON 007A
??_LCD_GoToXY                 cstackCOMMON 0076
??_LCD_Init                   cstackCOMMON 0075
??___lwdiv                    cstackCOMMON 0074
??___lwmod                    cstackCOMMON 0074
??_delay_ms                   cstackCOMMON 0074
??_delay_us                   cstackCOMMON 0072
??_main                       cstackCOMMON 007A
?_ADC_Init                    cstackCOMMON 0070
?_ADC_StartConversion         cstackCOMMON 0072
?_LCD_CmdWrite                cstackCOMMON 0070
?_LCD_DataWrite               cstackCOMMON 0070
?_LCD_DisplayNumber           cstackCOMMON 0078
?_LCD_GoToXY                  cstackCOMMON 0075
?_LCD_Init                    cstackCOMMON 0070
?___lwdiv                     cstackCOMMON 0070
?___lwmod                     cstackCOMMON 0070
?_delay_ms                    cstackCOMMON 0072
?_delay_us                    cstackCOMMON 0070
?_main                        cstackCOMMON 0070
ADC_StartConversion@channel   cstackCOMMON 0076
LCD_CmdWrite@cmd              cstackCOMMON 0074
LCD_DataWrite@dat             cstackCOMMON 0074
LCD_DisplayNumber@num         cstackCOMMON 0078
LCD_GoToXY@col                cstackCOMMON 0075
LCD_GoToXY@pos                cstackCOMMON 0079
LCD_GoToXY@row                cstackCOMMON 0078
_ADCON0                       (abs)        001F
_ADCON1                       (abs)        009F
_ADC_Init                     text173      0538
_ADC_StartConversion          text169      05F4
_ADON                         (abs)        00F8
_ADRESH                       (abs)        001E
_ADRESL                       (abs)        009E
_CARRY                        (abs)        0018
_EEADR                        (abs)        010D
_EECON1                       (abs)        018C
_EECON2                       (abs)        018D
_EEDATA                       (abs)        010C
_GIE                          (abs)        005F
_GO                           (abs)        00FA
_LCD_CmdWrite                 text167      0569
_LCD_DataWrite                text166      0587
_LCD_DisplayNumber            text163      0752
_LCD_GoToXY                   text164      05CB
_LCD_Init                     text165      05A5
_PORTB                        (abs)        0006
_RD                           (abs)        0C60
_RD0                          (abs)        0040
_RD1                          (abs)        0041
_RD2                          (abs)        0042
_TRISB                        (abs)        0086
_TRISD                        (abs)        0088
_WR                           (abs)        0C61
_WREN                         (abs)        0C62
__Habs1                       abs1         0000
__Hbank0                      bank0        0000
__Hbank1                      bank1        0000
__Hbank2                      bank2        0000
__Hbank3                      bank3        0000
__Hcinit                      cinit        0000
__Hclrtext                    clrtext      0000
__Hcode                       code         0000
__Hcommon                     common       0000
__Hconfig                     config       0000
__HcstackCOMMON               cstackCOMMON 0000
__Heeprom_data                eeprom_data  0000
__Hend_init                   end_init     0003
__Hfunctab                    functab      0000
__Hidloc                      idloc        0000
__Hinit                       init         0000
__Hintentry                   intentry     0000
__Hmaintext                   maintext     0000
__Hpowerup                    powerup      0000
__Hram                        ram          0000
__Hreset_vec                  reset_vec    0000
__Hsfr0                       sfr0         0000
__Hsfr1                       sfr1         0000
__Hsfr2                       sfr2         0000
__Hsfr3                       sfr3         0000
__Hstrings                    strings      0000
__Htext                       text         0000
__Labs1                       abs1         0000
__Lbank0                      bank0        0000
__Lbank1                      bank1        0000
__Lbank2                      bank2        0000
__Lbank3                      bank3        0000
__Lcinit                      cinit        0000
__Lclrtext                    clrtext      0000
__Lcode                       code         0000
__Lcommon                     common       0000
__Lconfig                     config       0000
__LcstackCOMMON               cstackCOMMON 0000
__Leeprom_data                eeprom_data  0000
__Lend_init                   end_init     0000
__Lfunctab                    functab      0000
__Lidloc                      idloc        0000
__Linit                       init         0000
__Lintentry                   intentry     0000
__Lmaintext                   maintext     0000
__Lpowerup                    powerup      0000
__Lram                        ram          0000
__Lreset_vec                  reset_vec    0000
__Lsfr0                       sfr0         0000
__Lsfr1                       sfr1         0000
__Lsfr2                       sfr2         0000
__Lsfr3                       sfr3         0000
__Lstrings                    strings      0000
__Ltext                       text         0000
__S0                          (abs)        0800
__S1                          (abs)        007D
__S2                          (abs)        0000
___lwdiv                      text171      0676
___lwdiv@counter              cstackCOMMON 0077
___lwdiv@dividend             cstackCOMMON 0072
___lwdiv@divisor              cstackCOMMON 0070
___lwdiv@quotient             cstackCOMMON 0075
___lwmod                      text170      0632
___lwmod@counter              cstackCOMMON 0075
___lwmod@dividend             cstackCOMMON 0072
___lwmod@divisor              cstackCOMMON 0070
__end_of_ADC_Init             text173      0540
__end_of_ADC_StartConversion  text169      0632
__end_of_LCD_CmdWrite         text167      0587
__end_of_LCD_DataWrite        text166      05A5
__end_of_LCD_DisplayNumber    text163      0800
__end_of_LCD_GoToXY           text164      05F4
__end_of_LCD_Init             text165      05CB
__end_of___lwdiv              text171      06C4
__end_of___lwmod              text170      0676
__end_of_delay_ms             text168      0569
__end_of_delay_us             text172      0550
__end_of_main                 maintext     0752
__pcstackCOMMON               cstackCOMMON 0070
__pmaintext                   maintext     06C4
__ptext162                    text162      0000
__ptext163                    text163      0752
__ptext164                    text164      05CB
__ptext165                    text165      05A5
__ptext166                    text166      0587
__ptext167                    text167      0569
__ptext168                    text168      0550
__ptext169                    text169      05F4
__ptext170                    text170      0632
__ptext171                    text171      0676
__ptext172                    text172      0540
__ptext173                    text173      0538
__ptext174                    text174      0000
__size_of_ADC_Init            (abs)        0000
__size_of_ADC_StartConversion (abs)        0000
__size_of_LCD_CmdWrite        (abs)        0000
__size_of_LCD_DataWrite       (abs)        0000
__size_of_LCD_DisplayNumber   (abs)        0000
__size_of_LCD_GoToXY          (abs)        0000
__size_of_LCD_Init            (abs)        0000
__size_of___lwdiv             (abs)        0000
__size_of___lwmod             (abs)        0000
__size_of_delay_ms            (abs)        0000
__size_of_delay_us            (abs)        0000
__size_of_main                (abs)        0000
_delay_ms                     text168      0550
_delay_us                     text172      0540
_exit                         init         0000
_main                         maintext     06C4
btemp                         (abs)        007E
delay_ms@ms_count             cstackCOMMON 0072
delay_us@us_count             cstackCOMMON 0070
end_of_initialization         cinit        0534
intlevel0                     functab      0000
intlevel1                     functab      0000
intlevel2                     functab      0000
intlevel3                     functab      0000
intlevel4                     functab      0000
intlevel5                     functab      0000
main@adc_result               cstackCOMMON 007B
reset_vec                     reset_vec    0000
start                         init         0000
start_initialization          cinit        0534
wtemp0                        (abs)        007E
