HI-TECH Software C Compiler 

Linker command line:

--edf=C:\Program Files\HI-TECH Software\PICC\9.83\dat\en_msgs.txt -cs \
  -h+serial_counter.sym -z -Q16F877A -ol.obj -Mserial_counter.map -E1 \
  -ACONST=00h-0FFhx32 -ACODE=00h-07FFhx4 -ASTRCODE=00h-01FFFh \
  -AENTRY=00h-0FFhx32 -ASTRING=00h-0FFhx32 -ABANK0=020h-06Fh \
  -ABANK1=0A0h-0EFh -ABANK2=0110h-016Fh -ABANK3=0190h-01EFh \
  -ARAM=020h-06Fh,0A0h-0EFh,0110h-016Fh,0190h-01EFh \
  -AABS1=020h-07Fh,0A0h-0EFh,0110h-016Fh,0190h-01EFh -ACOMMON=070h-07Fh \
  -ASFR0=00h-01Fh -ASFR1=080h-09Fh -ASFR2=0100h-010Fh -ASFR3=0180h-018Fh \
  -preset_vec=00h,intentry,init,end_init -ppowerup=CODE -pfunctab=CODE \
  -ACONFIG=02007h-02007h -pconfig=CONFIG -DCONFIG=2 -AIDLOC=02000h-02003h \
  -pidloc=IDLOC -DIDLOC=2 -AEEDATA=00h-0FFh/02100h -peeprom_data=EEDATA \
  -DEEDATA=2 -DCODE=2 -DSTRCODE=2 -DSTRING=2 -DCONST=2 -DENTRY=2 -k \
  startup.obj serial_counter.obj 

Object code version is 3.10

Machine type is 16F877A



                Name                               Link     Load   Length Selector   Space Scale
startup.obj     end_init                              0        0        3        0       0
serial_counter.obj
                text134                             619      619        F      C32       0
                text133                             60D      60D        C      C1A       0
                text132                             628      628       10      C50       0
                text131                             704      704       4E      E08       0
                text130                             6C0      6C0       44      D80       0
                text129                             666      666       21      CCC       0
                text128                             752      752       AE      EA4       0
                text127                             64D      64D       19      C9A       0
                text126                             638      638       15      C70       0
                maintext                            687      687       39      D0E       0
                cstackCOMMON                         70       70        C       70       1
                cinit                               609      609        4      C12       0
                strings                               3        3       22        6       0

TOTAL           Name                               Link     Load   Length     Space
        CLASS   CONST          

        CLASS   CODE           
                end_init                              0        0        3         0
                text134                             619      619        F         0
                text133                             60D      60D        C         0
                text132                             628      628       10         0
                text131                             704      704       4E         0
                text130                             6C0      6C0       44         0
                text129                             666      666       21         0
                text128                             752      752       AE         0
                text127                             64D      64D       19         0
                text126                             638      638       15         0
                maintext                            687      687       39         0
                cinit                               609      609        4         0

        CLASS   STRCODE        

        CLASS   ENTRY          

        CLASS   STRING         
                strings                               3        3       22         0

        CLASS   BANK0          

        CLASS   BANK1          

        CLASS   BANK2          

        CLASS   BANK3          

        CLASS   RAM            

        CLASS   ABS1           
                abs_s1                               7E       7E        2         1

        CLASS   COMMON         
                cstackCOMMON                         70       70        C         1

        CLASS   SFR0           

        CLASS   SFR1           

        CLASS   SFR2           

        CLASS   SFR3           

        CLASS   CONFIG         

        CLASS   IDLOC          

        CLASS   EEDATA         



SEGMENTS        Name                           Load    Length   Top    Selector   Space  Class     Delta

                reset_vec                      000000  000003  000003         0       0  CODE        2
                strings                        000003  000022  000025         6       0  STRING      2
                cstackCOMMON                   000070  00000C  00007C        70       1  COMMON      1
                cinit                          000609  000004  00060D       C12       0  CODE        2
                text133                        00060D  00000C  000619       C1A       0  CODE        2
                text134                        000619  00000F  000628       C32       0  CODE        2
                text132                        000628  000010  000638       C50       0  CODE        2
                text126                        000638  000015  00064D       C70       0  CODE        2
                text127                        00064D  000019  000666       C9A       0  CODE        2
                text129                        000666  000021  000687       CCC       0  CODE        2
                maintext                       000687  000039  0006C0       D0E       0  CODE        2
                text130                        0006C0  000044  000704       D80       0  CODE        2
                text131                        000704  00004E  000752       E08       0  CODE        2
                text128                        000752  0000AE  000800       EA4       0  CODE        2


UNUSED ADDRESS RANGES

        Name                Unused          Largest block    Delta
        BANK0            0020-006F             50           1
        BANK1            00A0-00EF             50           1
        BANK2            0110-016F             60           1
        BANK3            0190-01EF             60           1
        CODE             0025-0608            5E4           2
                         0800-1FFF            800
        COMMON           007C-007D              2           1
        CONFIG           2007-2007              1           2
        CONST            0025-0608            100           2
                         0800-1FFF            100
        EEDATA           2100-21FF            100           2
        ENTRY            0025-0608            100           2
                         0800-1FFF            100
        IDLOC            2000-2003              4           2
        RAM              0020-006F             50           1
                         00A0-00EF             50
                         0110-016F             60
                         0190-01EF             60
        SFR0             0000-001F             20           1
        SFR1             0080-009F             20           1
        SFR2             0100-010F             10           1
        SFR3             0180-018F             10           1
        STRCODE          0025-0608            5E4           2
                         0800-1FFF           1800
        STRING           0025-0608            100           2
                         0800-1FFF            100

                                  Symbol Table

??_UART_Init             cstackCOMMON 0070
??_UART_TxChar           cstackCOMMON 0070
??_UART_TxNumber         cstackCOMMON 007A
??_UART_TxString         cstackCOMMON 0071
??___lwdiv               cstackCOMMON 0074
??___lwmod               cstackCOMMON 0074
??_delay_ms              cstackCOMMON 0074
??_delay_sec             cstackCOMMON 0074
??_delay_us              cstackCOMMON 0072
??_main                  cstackCOMMON 007A
?_UART_Init              cstackCOMMON 0070
?_UART_TxChar            cstackCOMMON 0070
?_UART_TxNumber          cstackCOMMON 0078
?_UART_TxString          cstackCOMMON 0070
?___lwdiv                cstackCOMMON 0070
?___lwmod                cstackCOMMON 0070
?_delay_ms               cstackCOMMON 0072
?_delay_sec              cstackCOMMON 0070
?_delay_us               cstackCOMMON 0070
?_main                   cstackCOMMON 0070
UART_TxChar@ch           cstackCOMMON 0070
UART_TxNumber@num        cstackCOMMON 0078
UART_TxString@string_ptr cstackCOMMON 0072
_CARRY                   (abs)        0018
_EEADR                   (abs)        010D
_EECON1                  (abs)        018C
_EECON2                  (abs)        018D
_EEDATA                  (abs)        010C
_GIE                     (abs)        005F
_RCIF                    (abs)        0065
_RCREG                   (abs)        001A
_RCSTA                   (abs)        0018
_RD                      (abs)        0C60
_SPBRG                   (abs)        0099
_TRISC                   (abs)        0087
_TXIF                    (abs)        0064
_TXREG                   (abs)        0019
_TXSTA                   (abs)        0098
_UART_Init               text134      0619
_UART_TxChar             text133      060D
_UART_TxNumber           text128      0752
_UART_TxString           text129      0666
_WR                      (abs)        0C61
_WREN                    (abs)        0C62
__Habs1                  abs1         0000
__Hbank0                 bank0        0000
__Hbank1                 bank1        0000
__Hbank2                 bank2        0000
__Hbank3                 bank3        0000
__Hcinit                 cinit        0000
__Hclrtext               clrtext      0000
__Hcode                  code         0000
__Hcommon                common       0000
__Hconfig                config       0000
__HcstackCOMMON          cstackCOMMON 0000
__Heeprom_data           eeprom_data  0000
__Hend_init              end_init     0003
__Hfunctab               functab      0000
__Hidloc                 idloc        0000
__Hinit                  init         0000
__Hintentry              intentry     0000
__Hmaintext              maintext     0000
__Hpowerup               powerup      0000
__Hram                   ram          0000
__Hreset_vec             reset_vec    0000
__Hsfr0                  sfr0         0000
__Hsfr1                  sfr1         0000
__Hsfr2                  sfr2         0000
__Hsfr3                  sfr3         0000
__Hstrings               strings      0000
__Htext                  text         0000
__Labs1                  abs1         0000
__Lbank0                 bank0        0000
__Lbank1                 bank1        0000
__Lbank2                 bank2        0000
__Lbank3                 bank3        0000
__Lcinit                 cinit        0000
__Lclrtext               clrtext      0000
__Lcode                  code         0000
__Lcommon                common       0000
__Lconfig                config       0000
__LcstackCOMMON          cstackCOMMON 0000
__Leeprom_data           eeprom_data  0000
__Lend_init              end_init     0000
__Lfunctab               functab      0000
__Lidloc                 idloc        0000
__Linit                  init         0000
__Lintentry              intentry     0000
__Lmaintext              maintext     0000
__Lpowerup               powerup      0000
__Lram                   ram          0000
__Lreset_vec             reset_vec    0000
__Lsfr0                  sfr0         0000
__Lsfr1                  sfr1         0000
__Lsfr2                  sfr2         0000
__Lsfr3                  sfr3         0000
__Lstrings               strings      0000
__Ltext                  text         0000
__S0                     (abs)        0800
__S1                     (abs)        007C
__S2                     (abs)        0000
___lwdiv                 text131      0704
___lwdiv@counter         cstackCOMMON 0077
___lwdiv@dividend        cstackCOMMON 0072
___lwdiv@divisor         cstackCOMMON 0070
___lwdiv@quotient        cstackCOMMON 0075
___lwmod                 text130      06C0
___lwmod@counter         cstackCOMMON 0075
___lwmod@dividend        cstackCOMMON 0072
___lwmod@divisor         cstackCOMMON 0070
__end_of_UART_Init       text134      0628
__end_of_UART_TxChar     text133      0619
__end_of_UART_TxNumber   text128      0800
__end_of_UART_TxString   text129      0687
__end_of___lwdiv         text131      0752
__end_of___lwmod         text130      0704
__end_of_delay_ms        text127      0666
__end_of_delay_sec       text126      064D
__end_of_delay_us        text132      0638
__end_of_main            maintext     06C0
__pcstackCOMMON          cstackCOMMON 0070
__pmaintext              maintext     0687
__pstrings               strings      0003
__ptext125               text125      0000
__ptext126               text126      0638
__ptext127               text127      064D
__ptext128               text128      0752
__ptext129               text129      0666
__ptext130               text130      06C0
__ptext131               text131      0704
__ptext132               text132      0628
__ptext133               text133      060D
__ptext134               text134      0619
__ptext135               text135      0000
__size_of_UART_Init      (abs)        0000
__size_of_UART_TxChar    (abs)        0000
__size_of_UART_TxNumber  (abs)        0000
__size_of_UART_TxString  (abs)        0000
__size_of___lwdiv        (abs)        0000
__size_of___lwmod        (abs)        0000
__size_of_delay_ms       (abs)        0000
__size_of_delay_sec      (abs)        0000
__size_of_delay_us       (abs)        0000
__size_of_main           (abs)        0000
_delay_ms                text127      064D
_delay_sec               text126      0638
_delay_us                text132      0628
_exit                    init         0000
_main                    maintext     0687
btemp                    (abs)        007E
delay_ms@ms_count        cstackCOMMON 0072
delay_sec@sec_count      cstackCOMMON 0074
delay_us@us_count        cstackCOMMON 0070
end_of_initialization    cinit        0609
intlevel0                functab      0000
intlevel1                functab      0000
intlevel2                functab      0000
intlevel3                functab      0000
intlevel4                functab      0000
intlevel5                functab      0000
main@cnt                 cstackCOMMON 007A
reset_vec                reset_vec    0000
start                    init         0000
start_initialization     cinit        0609
wtemp0                   (abs)        007E
